[percy] Notice: Percy collects CI logs to improve service and enhance your experience. These logs help us debug issues and provide insights on your dashboards, making it easier to optimize the product experience. Logs are stored securely for 30 days. You can opt out anytime with export PERCY_CLIENT_ERROR_LOGS=false, but keeping this enabled helps us offer the best support and features.
[percy] Percy has started!
[percy] Finalized build #1: https://percy.io/d125cad2/app/BrowserStack-Sample-69d2c30b/builds/46979385
[percy] Detected error for percy build
[percy] Failure: Snapshot command was not called
[percy] Failure Reason: Snapshot Command was not called. please check your CI for errors
[percy] Suggestion: Try using percy snapshot command to take snapshots
[percy] Refer to the below Doc Links for the same
[percy] * https://www.browserstack.com/docs/percy/take-percy-snapshots/
[percy] Build's CLI and CI logs sent successfully. Please share this log ID with Percy team in case of any issues - 46979385_build_46979385_cli_1b260418dde19de699db6444df7f7c578fc07589
[percy] Notice: Percy collects CI logs to improve service and enhance your experience. These logs help us debug issues and provide insights on your dashboards, making it easier to optimize the product experience. Logs are stored securely for 30 days. You can opt out anytime with export PERCY_CLIENT_ERROR_LOGS=false, but keeping this enabled helps us offer the best support and features.
[percy] Percy has started!
[percy] Finalized build #1: https://percy.io/d125cad2/web/BrowserStack-Sample-69d2c30b/builds/46979442
[percy] Detected error for percy build
[percy] Failure: Snapshot command was not called
[percy] Failure Reason: Snapshot Command was not called. please check your CI for errors
[percy] Suggestion: Try using percy snapshot command to take snapshots
[percy] Refer to the below Doc Links for the same
[percy] * https://www.browserstack.com/docs/percy/take-percy-snapshots/
[percy] Build's CLI and CI logs sent successfully. Please share this log ID with Percy team in case of any issues - 46979442_build_46979442_cli_5b10971a15bcfed1d15c4318f5800cd2601e3370
